../Core/Src/main.c:97:5:main	24	static
../Core/Src/main.c:252:6:SystemClock_Config	96	static
../Core/Src/main.c:302:13:MX_ADC1_Init	32	static
../Core/Src/main.c:361:13:MX_DFSDM1_Init	8	static
../Core/Src/main.c:414:13:MX_USART2_UART_Init	8	static
../Core/Src/main.c:447:13:MX_DMA_Init	16	static
../Core/Src/main.c:465:13:MX_GPIO_Init	48	static
../Core/Src/main.c:518:6:HAL_ADC_ConvCpltCallback	16	static
../Core/Src/main.c:523:6:HAL_DFSDM_FilterRegConvCpltCallback	16	static
../Core/Src/main.c:529:6:HAL_DFSDM_FilterErrorCallback	16	static
../Core/Src/main.c:536:5:_write	24	static
../Core/Src/main.c:548:6:Error_Handler	4	static,ignoring_inline_asm
