../Core/Src/main.c:94:5:main	40	static
../Core/Src/main.c:221:6:SystemClock_Config	96	static
../Core/Src/main.c:271:13:MX_ADC1_Init	32	static
../Core/Src/main.c:330:13:MX_DFSDM1_Init	8	static
../Core/Src/main.c:383:13:MX_USART2_UART_Init	8	static
../Core/Src/main.c:418:13:MX_GPIO_Init	48	static
../Core/Src/main.c:461:6:HAL_ADC_ConvCpltCallback	16	static
../Core/Src/main.c:466:6:HAL_DFSM_FilterRegConvCpltCallback	16	static
../Core/Src/main.c:472:6:HAL_DFSDM_FilterErrorCallback	24	static
../Core/Src/main.c:480:5:_write	24	static
../Core/Src/main.c:492:6:Error_Handler	4	static,ignoring_inline_asm
